2026-04-11 11:08:44,989 - Database - INFO - 索引已确保存在于 stock_data.stock_daily
2026-04-11 11:08:44,989 - DataFetcher - INFO - 正在登录 Baostock...
2026-04-11 11:08:46,337 - DataFetcher - INFO - Baostock 登录成功
2026-04-11 11:08:57,674 - Database - INFO - 成功同步 6400 条记录。插入:6400, 更新:0
2026-04-11 11:09:02,552 - Database - INFO - 成功同步 5573 条记录。插入:5573, 更新:0
2026-04-11 11:09:06,718 - Database - INFO - 成功同步 6471 条记录。插入:6471, 更新:0
2026-04-11 11:09:12,268 - Database - INFO - 成功同步 6567 条记录。插入:6567, 更新:0
2026-04-11 11:09:21,201 - Database - INFO - 成功同步 6292 条记录。插入:6292, 更新:0
2026-04-11 11:09:29,120 - Database - INFO - 成功同步 6603 条记录。插入:6603, 更新:0
2026-04-11 11:09:34,845 - Database - INFO - 成功同步 6087 条记录。插入:6087, 更新:0
2026-04-11 11:09:41,483 - Database - INFO - 成功同步 5903 条记录。插入:5903, 更新:0
2026-04-11 11:09:50,777 - Database - INFO - 成功同步 5645 条记录。插入:5645, 更新:0
2026-04-11 11:10:00,452 - Database - INFO - 成功同步 5481 条记录。插入:5481, 更新:0
2026-04-11 11:10:05,637 - Database - INFO - 成功同步 6134 条记录。插入:6134, 更新:0
2026-04-11 11:10:08,643 - Database - INFO - 成功同步 4735 条记录。插入:4735, 更新:0
2026-04-11 11:10:15,580 - Database - INFO - 成功同步 4728 条记录。插入:4728, 更新:0
2026-04-11 11:10:29,969 - Database - INFO - 成功同步 6139 条记录。插入:6139, 更新:0
2026-04-11 11:10:33,784 - Database - INFO - 成功同步 5506 条记录。插入:5506, 更新:0
2026-04-11 11:10:39,503 - Database - INFO - 成功同步 5453 条记录。插入:5453, 更新:0
2026-04-11 11:10:43,649 - Database - INFO - 成功同步 5293 条记录。插入:5293, 更新:0
2026-04-11 11:10:45,737 - Database - INFO - 成功同步 2991 条记录。插入:2991, 更新:0
2026-04-11 11:10:47,236 - Database - INFO - 成功同步 2016 条记录。插入:2016, 更新:0
2026-04-11 11:11:00,284 - Database - INFO - 成功同步 5801 条记录。插入:5801, 更新:0
2026-04-11 11:11:05,996 - Database - INFO - 成功同步 5142 条记录。插入:5142, 更新:0
2026-04-11 11:11:14,786 - Database - INFO - 成功同步 5984 条记录。插入:5984, 更新:0
2026-04-11 11:11:22,267 - Database - INFO - 成功同步 5516 条记录。插入:5516, 更新:0
2026-04-11 11:11:31,445 - Database - INFO - 成功同步 5646 条记录。插入:5646, 更新:0
2026-04-11 11:11:41,218 - Database - INFO - 成功同步 5532 条记录。插入:5532, 更新:0
2026-04-11 11:11:42,877 - Database - INFO - 成功同步 1183 条记录。插入:1183, 更新:0
2026-04-11 11:11:52,154 - Database - INFO - 成功同步 6107 条记录。插入:6107, 更新:0
2026-04-11 11:12:03,743 - Database - INFO - 成功同步 5367 条记录。插入:5367, 更新:0
2026-04-11 11:12:10,006 - Database - INFO - 成功同步 5828 条记录。插入:5828, 更新:0
2026-04-11 11:12:16,581 - Database - INFO - 成功同步 6108 条记录。插入:6108, 更新:0
2026-04-11 11:12:20,967 - Database - INFO - 成功同步 6135 条记录。插入:6135, 更新:0
2026-04-11 11:12:25,008 - Database - INFO - 成功同步 5597 条记录。插入:5597, 更新:0
2026-04-11 11:12:31,963 - Database - INFO - 成功同步 4786 条记录。插入:4786, 更新:0
2026-04-11 11:12:37,459 - Database - INFO - 成功同步 5708 条记录。插入:5708, 更新:0
2026-04-11 11:12:45,502 - Database - INFO - 成功同步 6603 条记录。插入:6603, 更新:0
2026-04-11 11:12:55,663 - Database - INFO - 成功同步 6603 条记录。插入:6603, 更新:0
2026-04-11 11:12:59,437 - Database - INFO - 成功同步 6603 条记录。插入:6603, 更新:0
2026-04-11 11:13:11,563 - Database - INFO - 成功同步 6603 条记录。插入:6603, 更新:0
2026-04-11 11:13:17,490 - Database - INFO - 成功同步 6603 条记录。插入:6603, 更新:0
2026-04-11 11:13:28,454 - Database - INFO - 成功同步 6603 条记录。插入:6603, 更新:0
2026-04-11 11:13:40,382 - Database - INFO - 成功同步 6603 条记录。插入:6603, 更新:0
2026-04-11 11:13:45,286 - Database - INFO - 成功同步 6603 条记录。插入:6603, 更新:0
2026-04-11 11:13:52,020 - Database - INFO - 成功同步 6603 条记录。插入:6603, 更新:0
2026-04-11 11:13:59,018 - Database - INFO - 成功同步 6603 条记录。插入:6603, 更新:0
2026-04-11 11:14:07,416 - Database - INFO - 成功同步 6603 条记录。插入:6603, 更新:0
2026-04-11 11:14:21,859 - Database - INFO - 成功同步 6603 条记录。插入:6603, 更新:0
2026-04-11 11:14:26,396 - Database - INFO - 成功同步 6603 条记录。插入:6603, 更新:0
2026-04-11 11:14:34,992 - Database - INFO - 成功同步 6603 条记录。插入:6603, 更新:0
2026-04-11 11:14:44,364 - Database - INFO - 成功同步 6603 条记录。插入:6603, 更新:0
2026-04-11 11:14:54,812 - Database - INFO - 成功同步 6603 条记录。插入:6603, 更新:0
2026-04-11 11:14:59,517 - Database - INFO - 成功同步 6603 条记录。插入:6603, 更新:0
2026-04-11 11:15:09,081 - Database - INFO - 成功同步 6603 条记录。插入:6603, 更新:0
2026-04-11 11:15:22,240 - Database - INFO - 成功同步 6603 条记录。插入:6603, 更新:0
2026-04-11 11:15:32,112 - Database - INFO - 成功同步 6603 条记录。插入:6603, 更新:0
2026-04-11 11:15:43,739 - Database - INFO - 成功同步 6603 条记录。插入:6603, 更新:0
2026-04-11 11:16:02,895 - Database - INFO - 成功同步 6603 条记录。插入:6603, 更新:0
2026-04-11 11:16:12,540 - Database - INFO - 成功同步 6603 条记录。插入:6603, 更新:0
2026-04-11 11:16:19,493 - Database - INFO - 成功同步 6603 条记录。插入:6603, 更新:0
2026-04-11 11:16:27,515 - Database - INFO - 成功同步 6603 条记录。插入:6603, 更新:0
2026-04-11 11:16:31,383 - Database - INFO - 成功同步 6603 条记录。插入:6603, 更新:0
2026-04-11 11:16:39,249 - Database - INFO - 成功同步 6603 条记录。插入:6603, 更新:0
2026-04-11 11:16:45,727 - Database - INFO - 成功同步 6603 条记录。插入:6603, 更新:0
2026-04-11 11:16:52,352 - Database - INFO - 成功同步 6603 条记录。插入:6603, 更新:0
2026-04-11 11:16:57,738 - Database - INFO - 成功同步 6603 条记录。插入:6603, 更新:0
2026-04-11 11:17:16,174 - Database - INFO - 成功同步 6603 条记录。插入:6603, 更新:0
2026-04-11 11:17:23,659 - Database - INFO - 成功同步 6603 条记录。插入:6603, 更新:0
2026-04-11 11:17:33,456 - Database - INFO - 成功同步 6603 条记录。插入:6603, 更新:0
2026-04-11 11:17:43,557 - Database - INFO - 成功同步 6603 条记录。插入:6603, 更新:0
2026-04-11 11:17:49,245 - Database - INFO - 成功同步 6603 条记录。插入:6603, 更新:0
2026-04-11 11:17:54,455 - Database - INFO - 成功同步 6603 条记录。插入:6603, 更新:0
2026-04-11 11:18:19,149 - Database - INFO - 成功同步 6603 条记录。插入:6603, 更新:0
2026-04-11 11:18:27,773 - Database - INFO - 成功同步 6603 条记录。插入:6603, 更新:0
2026-04-11 11:18:36,091 - Database - INFO - 成功同步 6603 条记录。插入:6603, 更新:0
2026-04-11 11:18:42,944 - Database - INFO - 成功同步 6603 条记录。插入:6603, 更新:0
2026-04-11 11:19:03,403 - Database - INFO - 成功同步 6603 条记录。插入:6603, 更新:0
2026-04-11 11:19:11,180 - Database - INFO - 成功同步 6603 条记录。插入:6603, 更新:0
2026-04-11 11:19:14,876 - Database - INFO - 成功同步 6603 条记录。插入:6603, 更新:0
2026-04-11 11:19:50,150 - Database - INFO - 成功同步 6603 条记录。插入:6603, 更新:0
2026-04-11 11:19:59,099 - Database - INFO - 成功同步 6603 条记录。插入:6603, 更新:0
2026-04-11 11:20:05,083 - Database - INFO - 成功同步 6603 条记录。插入:6603, 更新:0
2026-04-11 11:20:12,711 - Database - INFO - 成功同步 6603 条记录。插入:6603, 更新:0
2026-04-11 11:20:18,568 - Database - INFO - 成功同步 6603 条记录。插入:6603, 更新:0
2026-04-11 11:20:24,134 - Database - INFO - 成功同步 5328 条记录。插入:5328, 更新:0
2026-04-11 11:20:28,661 - Database - INFO - 成功同步 6603 条记录。插入:6603, 更新:0
2026-04-11 11:20:36,734 - Database - INFO - 成功同步 6603 条记录。插入:6603, 更新:0
2026-04-11 11:20:47,884 - Database - INFO - 成功同步 6603 条记录。插入:6603, 更新:0
2026-04-11 11:20:54,271 - Database - INFO - 成功同步 6603 条记录。插入:6603, 更新:0
2026-04-11 11:21:00,668 - Database - INFO - 成功同步 6603 条记录。插入:6603, 更新:0
2026-04-11 11:21:12,374 - Database - INFO - 成功同步 6603 条记录。插入:6603, 更新:0
2026-04-11 11:21:21,682 - Database - INFO - 成功同步 6603 条记录。插入:6603, 更新:0
2026-04-11 11:21:28,631 - Database - INFO - 成功同步 6603 条记录。插入:6603, 更新:0
2026-04-11 11:21:36,834 - Database - INFO - 成功同步 6603 条记录。插入:6603, 更新:0
2026-04-11 11:21:41,970 - Database - INFO - 成功同步 6603 条记录。插入:6603, 更新:0
2026-04-11 11:21:54,192 - Database - INFO - 成功同步 6603 条记录。插入:6603, 更新:0
2026-04-11 11:21:59,552 - Database - INFO - 成功同步 6603 条记录。插入:6603, 更新:0
2026-04-11 11:22:05,450 - Database - INFO - 成功同步 6603 条记录。插入:6603, 更新:0
2026-04-11 11:22:11,092 - Database - INFO - 成功同步 6247 条记录。插入:6247, 更新:0
2026-04-11 11:22:17,725 - Database - INFO - 成功同步 6603 条记录。插入:6603, 更新:0
2026-04-11 11:22:29,099 - Database - INFO - 成功同步 6603 条记录。插入:6603, 更新:0
2026-04-11 11:22:36,455 - Database - INFO - 成功同步 6603 条记录。插入:6603, 更新:0
2026-04-11 11:22:42,125 - Database - INFO - 成功同步 6603 条记录。插入:6603, 更新:0
2026-04-11 11:22:51,019 - Database - INFO - 成功同步 6603 条记录。插入:6603, 更新:0
2026-04-11 11:22:54,834 - Database - INFO - 成功同步 6603 条记录。插入:6603, 更新:0
2026-04-11 11:23:12,062 - Database - INFO - 成功同步 6603 条记录。插入:6603, 更新:0
2026-04-11 11:23:18,082 - Database - INFO - 成功同步 6500 条记录。插入:6500, 更新:0
2026-04-11 11:23:22,984 - Database - INFO - 成功同步 5297 条记录。插入:5297, 更新:0
2026-04-11 11:23:30,538 - Database - INFO - 成功同步 6603 条记录。插入:6603, 更新:0
2026-04-11 11:23:34,577 - Database - INFO - 成功同步 6419 条记录。插入:6419, 更新:0
2026-04-11 11:23:39,168 - Database - INFO - 成功同步 6603 条记录。插入:6603, 更新:0
2026-04-11 11:23:43,186 - Database - INFO - 成功同步 6603 条记录。插入:6603, 更新:0
2026-04-11 11:23:49,486 - Database - INFO - 成功同步 6603 条记录。插入:6603, 更新:0
2026-04-11 11:23:57,619 - Database - INFO - 成功同步 6603 条记录。插入:6603, 更新:0
2026-04-11 11:24:05,035 - Database - INFO - 成功同步 6603 条记录。插入:6603, 更新:0
2026-04-11 11:24:13,415 - Database - INFO - 成功同步 6603 条记录。插入:6603, 更新:0
2026-04-11 11:24:18,435 - Database - INFO - 成功同步 6603 条记录。插入:6603, 更新:0
2026-04-11 11:24:23,523 - Database - INFO - 成功同步 6603 条记录。插入:6603, 更新:0
2026-04-11 11:24:31,558 - Database - INFO - 成功同步 6603 条记录。插入:6603, 更新:0
2026-04-11 11:24:38,401 - Database - INFO - 成功同步 6603 条记录。插入:6603, 更新:0
2026-04-11 11:24:47,035 - Database - INFO - 成功同步 6603 条记录。插入:6603, 更新:0
2026-04-11 11:24:57,112 - Database - INFO - 成功同步 6603 条记录。插入:6603, 更新:0
2026-04-11 11:25:04,294 - Database - INFO - 成功同步 6603 条记录。插入:6603, 更新:0
2026-04-11 11:25:10,565 - Database - INFO - 成功同步 6603 条记录。插入:6603, 更新:0
2026-04-11 11:25:18,507 - Database - INFO - 成功同步 6603 条记录。插入:6603, 更新:0
2026-04-11 11:25:26,813 - Database - INFO - 成功同步 6585 条记录。插入:6585, 更新:0
2026-04-11 11:25:31,103 - Database - INFO - 成功同步 6603 条记录。插入:6603, 更新:0
2026-04-11 11:25:39,910 - Database - INFO - 成功同步 6603 条记录。插入:6603, 更新:0
2026-04-11 11:25:44,218 - Database - INFO - 成功同步 6603 条记录。插入:6603, 更新:0
2026-04-11 11:25:52,954 - Database - INFO - 成功同步 6603 条记录。插入:6603, 更新:0
2026-04-11 11:25:56,000 - Database - INFO - 成功同步 6603 条记录。插入:6603, 更新:0
2026-04-11 11:29:14,928 - Database - INFO - ✅ 索引确保存在于 stock_daily
2026-04-11 11:29:14,928 - Core - INFO - 🚀 启动全量流式下载流水线...
2026-04-11 11:29:14,928 - DataFetcher - INFO - 🚀 正在登录 Baostock...
2026-04-11 11:29:15,031 - DataFetcher - INFO - ✅ Baostock 登录成功
2026-04-11 11:29:15,245 - Core - ERROR - ❌ 未获取到股票列表
2026-04-11 11:34:43,328 - Database - INFO - ✅ 索引确保存在于 stock_daily
2026-04-11 11:34:43,328 - Core - INFO - 🚀 启动全量流式下载流水线...
2026-04-11 11:34:43,328 - DataFetcher - INFO - 🚀 正在登录 Baostock...
2026-04-11 11:34:43,384 - DataFetcher - INFO - ✅ Baostock 登录成功
2026-04-11 11:34:43,384 - DataFetcher - INFO - 📅 尝试获取股票列表 (查询日期: 2026-04-10)...
2026-04-11 11:34:50,790 - DataFetcher - INFO - ✅ 获取到 5483 只A股股票
2026-04-11 11:34:59,323 - DataFetcher - ERROR - ❌ 获取数据失败 sh.600011: 网络接收错误。
2026-04-11 11:34:59,324 - Core - INFO - 📊 sh.600011 处理完成 | 状态: no_data | 行数: 0
2026-04-11 11:35:13,797 - DataFetcher - ERROR - ❌ 获取数据失败 sh.600010: 网络接收错误。
2026-04-11 11:35:13,797 - Core - INFO - 📊 sh.600010 处理完成 | 状态: no_data | 行数: 0
2026-04-11 11:35:22,243 - DataFetcher - ERROR - ❌ 获取数据失败 sh.600007: 网络接收错误。
2026-04-11 11:35:22,243 - Core - INFO - 📊 sh.600007 处理完成 | 状态: no_data | 行数: 0
2026-04-11 11:35:24,530 - DataFetcher - ERROR - ❌ 获取数据失败 sh.600015: 网络接收错误。
2026-04-11 11:35:24,530 - Core - INFO - 📊 sh.600015 处理完成 | 状态: no_data | 行数: 0
2026-04-11 11:35:28,873 - DataFetcher - ERROR - ❌ 获取数据失败 sh.600008: 网络接收错误。
2026-04-11 11:35:28,873 - Core - INFO - 📊 sh.600008 处理完成 | 状态: no_data | 行数: 0
2026-04-11 11:35:37,501 - DataFetcher - ERROR - ❌ 获取数据失败 sh.600009: 网络接收错误。
2026-04-11 11:35:37,501 - Core - INFO - 📊 sh.600009 处理完成 | 状态: no_data | 行数: 0
2026-04-11 11:35:46,158 - DataFetcher - ERROR - ❌ 获取数据失败 sh.600019: 网络接收错误。
2026-04-11 11:35:46,159 - Core - INFO - 📊 sh.600019 处理完成 | 状态: no_data | 行数: 0
2026-04-11 11:35:52,424 - DataFetcher - ERROR - ❌ 获取数据失败 sh.600012: 网络接收错误。
2026-04-11 11:35:54,055 - DataFetcher - ERROR - ❌ 获取数据失败 sh.600021: 网络接收错误。
2026-04-11 11:36:00,051 - DataFetcher - ERROR - ❌ 获取数据失败 sh.600023: 网络接收错误。
2026-04-11 11:37:40,860 - Database - INFO - ✅ 索引确保存在于 stock_daily
2026-04-11 11:37:40,861 - Core - INFO - 🚀 启动全量流式下载流水线...
2026-04-11 11:37:40,861 - DataFetcher - INFO - 🚀 正在登录 Baostock...
2026-04-11 11:37:40,929 - DataFetcher - INFO - ✅ Baostock 登录成功
2026-04-11 11:37:40,929 - DataFetcher - INFO - 📅 尝试获取股票列表 (查询日期: 2026-04-10)...
2026-04-11 11:37:51,436 - DataFetcher - INFO - ✅ 获取到 5483 只A股股票
2026-04-11 11:37:57,793 - DataFetcher - ERROR - ❌ 获取数据失败 sh.600000: 网络接收错误。
2026-04-11 11:37:57,794 - Core - WARNING - ⚠️ sh.600000 下载为空/失败，1秒后重试 (1/3)...
2026-04-11 11:38:05,155 - DataFetcher - ERROR - ❌ 获取数据失败 sh.600000: 网络接收错误。
2026-04-11 11:38:05,155 - Core - WARNING - ⚠️ sh.600000 下载为空/失败，1秒后重试 (2/3)...
2026-04-11 11:38:13,811 - DataFetcher - ERROR - ❌ 获取数据失败 sh.600000: 网络接收错误。
2026-04-11 11:38:13,812 - Core - INFO - 📊 sh.600000 | no_data | 行数: 0
2026-04-11 11:38:24,336 - DataFetcher - ERROR - ❌ 获取数据失败 sh.600006: 网络接收错误。
2026-04-11 11:38:24,337 - Core - WARNING - ⚠️ sh.600006 下载为空/失败，1秒后重试 (1/3)...
2026-04-11 11:38:29,410 - DataFetcher - ERROR - ❌ 获取数据失败 sh.600006: 网络接收错误。
2026-04-11 11:38:29,410 - Core - WARNING - ⚠️ sh.600006 下载为空/失败，1秒后重试 (2/3)...
2026-04-11 11:38:37,912 - DataFetcher - ERROR - ❌ 获取数据失败 sh.600007: 网络接收错误。
2026-04-11 11:38:37,912 - Core - WARNING - ⚠️ sh.600007 下载为空/失败，1秒后重试 (1/3)...
2026-04-11 11:38:48,258 - Database - INFO - ✅ 索引确保存在于 stock_daily
2026-04-11 11:38:48,259 - Core - INFO - 🚀 启动全量流式下载流水线...
2026-04-11 11:38:48,259 - DataFetcher - INFO - 🚀 正在登录 Baostock...
2026-04-11 11:38:48,482 - DataFetcher - INFO - ✅ Baostock 登录成功
2026-04-11 11:38:48,482 - DataFetcher - INFO - 📅 尝试获取股票列表 (查询日期: 2026-04-10)...
2026-04-11 11:38:59,801 - DataFetcher - INFO - ✅ 获取到 5483 只A股股票
2026-04-11 11:39:06,306 - Database - INFO - ✅ 成功同步 6400 条记录到 stock_daily
2026-04-11 11:39:06,309 - Core - INFO - 📊 sh.600000 | success | 行数: 6400
2026-04-11 11:39:18,593 - Database - INFO - ✅ 成功同步 5573 条记录到 stock_daily
2026-04-11 11:39:18,595 - Core - INFO - 📊 sh.600004 | success | 行数: 5573
2026-04-11 11:39:22,987 - Database - INFO - ✅ 成功同步 6471 条记录到 stock_daily
2026-04-11 11:39:22,989 - Core - INFO - 📊 sh.600006 | success | 行数: 6471
2026-04-11 11:39:31,921 - Database - INFO - ✅ 成功同步 6567 条记录到 stock_daily
2026-04-11 11:39:31,924 - Core - INFO - 📊 sh.600007 | success | 行数: 6567
2026-04-11 11:39:43,600 - Database - INFO - ✅ 成功同步 6292 条记录到 stock_daily
2026-04-11 11:39:43,602 - Core - INFO - 📊 sh.600008 | success | 行数: 6292
2026-04-11 11:39:51,906 - Database - INFO - ✅ 成功同步 6603 条记录到 stock_daily
2026-04-11 11:39:51,908 - Core - INFO - 📊 sh.600009 | success | 行数: 6603
2026-04-11 11:39:59,268 - Database - INFO - ✅ 成功同步 6087 条记录到 stock_daily
2026-04-11 11:39:59,270 - Core - INFO - 📊 sh.600010 | success | 行数: 6087
2026-04-11 11:40:07,176 - Database - INFO - ✅ 成功同步 5903 条记录到 stock_daily
2026-04-11 11:43:39,088 - TestRunner - INFO - 🧪 开始测试：前10只股票的数据流转 (下载 -> 清洗 -> 入库)
2026-04-11 11:43:39,112 - Database - INFO - ✅ 索引确保存在于 stock_daily
2026-04-11 11:43:39,112 - DataFetcher - INFO - 🚀 正在登录 Baostock...
2026-04-11 11:43:39,217 - DataFetcher - INFO - ✅ Baostock 登录成功
2026-04-11 11:43:39,217 - DataFetcher - INFO - 📅 尝试获取股票列表 (查询日期: 2026-04-10)...
2026-04-11 11:43:44,346 - DataFetcher - INFO - ✅ 获取到 5483 只A股股票
2026-04-11 11:43:44,346 - TestRunner - INFO - 📋 已获取列表，截取前 10 只股票进行测试。
2026-04-11 11:43:44,346 - TestRunner - INFO - ⏰ 测试时间范围: 2025-01-01 至 2026-04-11
2026-04-11 11:43:44,346 - TestRunner - INFO - 👉 正在处理: [sh.600000] 浦发银行...
2026-04-11 11:43:44,887 - Database - INFO - ✅ 成功同步 306 条记录到 stock_daily
2026-04-11 11:43:44,887 - TestRunner - INFO - ✅ sh.600000 成功入库 306 条记录
2026-04-11 11:43:45,388 - TestRunner - INFO - 👉 正在处理: [sh.600004] 白云机场...
2026-04-11 11:43:45,683 - Database - INFO - ✅ 成功同步 306 条记录到 stock_daily
2026-04-11 11:43:45,683 - TestRunner - INFO - ✅ sh.600004 成功入库 306 条记录
2026-04-11 11:43:46,183 - TestRunner - INFO - 👉 正在处理: [sh.600006] 东风股份...
2026-04-11 11:43:46,324 - Database - INFO - ✅ 成功同步 306 条记录到 stock_daily
2026-04-11 11:43:46,324 - TestRunner - INFO - ✅ sh.600006 成功入库 306 条记录
2026-04-11 11:43:46,825 - TestRunner - INFO - 👉 正在处理: [sh.600007] 中国国贸...
2026-04-11 11:43:47,712 - Database - INFO - ✅ 成功同步 306 条记录到 stock_daily
2026-04-11 11:43:47,712 - TestRunner - INFO - ✅ sh.600007 成功入库 306 条记录
2026-04-11 11:43:48,213 - TestRunner - INFO - 👉 正在处理: [sh.600008] 首创环保...
2026-04-11 11:43:48,422 - Database - INFO - ✅ 成功同步 306 条记录到 stock_daily
2026-04-11 11:43:48,422 - TestRunner - INFO - ✅ sh.600008 成功入库 306 条记录
2026-04-11 11:43:48,923 - TestRunner - INFO - 👉 正在处理: [sh.600009] 上海机场...
2026-04-11 11:43:49,751 - Database - INFO - ✅ 成功同步 306 条记录到 stock_daily
2026-04-11 11:43:49,751 - TestRunner - INFO - ✅ sh.600009 成功入库 306 条记录
2026-04-11 11:43:50,251 - TestRunner - INFO - 👉 正在处理: [sh.600010] 包钢股份...
2026-04-11 11:43:50,315 - Database - INFO - ✅ 成功同步 306 条记录到 stock_daily
2026-04-11 11:43:50,315 - TestRunner - INFO - ✅ sh.600010 成功入库 306 条记录
2026-04-11 11:43:50,816 - TestRunner - INFO - 👉 正在处理: [sh.600011] 华能国际...
2026-04-11 11:43:51,198 - Database - INFO - ✅ 成功同步 306 条记录到 stock_daily
2026-04-11 11:43:51,198 - TestRunner - INFO - ✅ sh.600011 成功入库 306 条记录
2026-04-11 11:43:51,699 - TestRunner - INFO - 👉 正在处理: [sh.600012] 皖通高速...
2026-04-11 11:43:51,774 - Database - INFO - ✅ 成功同步 306 条记录到 stock_daily
2026-04-11 11:43:51,774 - TestRunner - INFO - ✅ sh.600012 成功入库 306 条记录
2026-04-11 11:43:52,275 - TestRunner - INFO - 👉 正在处理: [sh.600015] 华夏银行...
2026-04-11 11:43:52,618 - Database - INFO - ✅ 成功同步 306 条记录到 stock_daily
2026-04-11 11:43:52,618 - TestRunner - INFO - ✅ sh.600015 成功入库 306 条记录
2026-04-11 11:43:53,119 - TestRunner - INFO - ------------------------------
2026-04-11 11:43:53,119 - TestRunner - INFO - 🏁 测试完成！
2026-04-11 11:43:53,119 - TestRunner - INFO - 📊 成功: 10 / 10
2026-04-11 11:43:53,119 - TestRunner - INFO - 💾 请去 MongoDB 查看集合 'stock_daily' 确认数据
2026-04-11 11:43:53,119 - TestRunner - INFO - ------------------------------
